C51 COMPILER V9.60.0.0   MAIN                                                              04/02/2023 12:12:38 PAGE 1   


C51 COMPILER V9.60.0.0, COMPILATION OF MODULE MAIN
OBJECT MODULE PLACED IN ..\output\main.obj
COMPILER INVOKED BY: D:\software\keil\C51\BIN\C51.EXE ..\sourse\main.c OPTIMIZE(8,SPEED) BROWSE INCDIR(..\sourse) DEBUG 
                    -OBJECTEXTEND PRINT(.\Listings\main.lst) TABS(2) OBJECT(..\output\main.obj)

line level    source

   1          #include "head.h"
   2          
   3          
   4          void TimerInit()    //100微秒@12.000MHz
   5          {
   6   1      
   7   1        TMOD = 0x01;    //设置定时器模式
   8   1        TL0 = (65535 - 100) % 256;
   9   1        TH0 = (65535 - 100) / 256;
  10   1        
  11   1        TL1 = (65535 - 100) % 256;
  12   1        TH1 = (65535 - 100) / 256;
  13   1        
  14   1        ET0 = 1;
  15   1        ET1 = 1;
  16   1        
  17   1        EA = 1;
  18   1        
  19   1        TR0 = 1;
  20   1        TR1 = 1;
  21   1      
  22   1      }
  23          
  24          
  25          
  26          
  27          void ServiceTimer0() interrupt 1
  28          {
  29   1        static unsigned char ms_10 = 0;
  30   1        
  31   1        TL0 = (65535 - 10) % 256;
  32   1        TH0 = (65535 - 10) / 256;
  33   1          
  34   1        ms_10 ++;
  35   1        if(ms_10 >= 10)
  36   1        {
  37   2          led_pwm();
  38   2          ms_10 = 0;
  39   2        }
  40   1      
  41   1      }
  42          
  43          
  44          
  45          
  46          
  47          void ServiceTimer1() interrupt 3
  48          {
  49   1        static unsigned char ms_100 = 0;
  50   1        
  51   1        TL1 = (65535 - 10) % 256;
  52   1        TH1 = (65535 - 10) / 256;
  53   1        
  54   1        
C51 COMPILER V9.60.0.0   MAIN                                                              04/02/2023 12:12:38 PAGE 2   

  55   1        ms_100 ++;
  56   1        if(ms_100 >= 200)
  57   1        {
  58   2          SMG_show();
*** WARNING C206 IN LINE 58 OF ..\sourse\main.c: 'SMG_show': missing function-prototype
  59   2          ms_100 = 0;
  60   2        }
  61   1      
  62   1        
  63   1      }
  64          
  65          
  66          
  67          
  68          
  69          void main()
  70          {
  71   1        SelectHC138(4);
  72   1        TimerInit();
  73   1        while(1)
  74   1        {
  75   2      
  76   2          SconKey();
  77   2        }
  78   1      }
  79          
  80          
  81          


MODULE INFORMATION:   STATIC OVERLAYABLE
   CODE SIZE        =    201    ----
   CONSTANT SIZE    =   ----    ----
   XDATA SIZE       =   ----    ----
   PDATA SIZE       =   ----    ----
   DATA SIZE        =      2    ----
   IDATA SIZE       =   ----    ----
   BIT SIZE         =   ----    ----
END OF MODULE INFORMATION.


C51 COMPILATION COMPLETE.  1 WARNING(S),  0 ERROR(S)
